// Jest Snapshot v1, https://goo.gl/fbAQLP

exports[`ButtonArea tests renders correctly 1`] = `
<View
  style={
    Array [
      Object {
        "backgroundColor": "#fff",
      },
      Object {
        "alignItems": "center",
        "justifyContent": "center",
      },
    ]
  }
>
  <View
    accessible={true}
    focusable={false}
    onClick={[Function]}
    onResponderGrant={[Function]}
    onResponderMove={[Function]}
    onResponderRelease={[Function]}
    onResponderTerminate={[Function]}
    onResponderTerminationRequest={[Function]}
    onStartShouldSetResponder={[Function]}
    style={
      Object {
        "backgroundColor": "#009688",
        "borderRadius": 10,
        "elevation": 8,
        "opacity": 1,
        "paddingHorizontal": 12,
        "paddingVertical": 10,
      }
    }
  >
    <Text
      style={
        Object {
          "alignSelf": "center",
          "color": "#fff",
          "fontSize": 18,
          "fontWeight": "bold",
          "textTransform": "uppercase",
        }
      }
    >
      Start Timer
    </Text>
  </View>
</View>
`;
